================================================================
== Design Size Report
================================================================

* Total Instructions per Compilation Phase
+---------------+-----------------------------+--------------+----------------------------------------------------------------------------------------+
| Phase         | Step                        | Instructions | Description                                                                            |
+---------------+-----------------------------+--------------+----------------------------------------------------------------------------------------+
| Compile/Link  |                             | 19,524       | After all functions are compiled and linked into a single design                       |
|               |                             |              |                                                                                        |
| Unroll/Inline |                             |              | After user unroll and inline pragmas are applied                                       |
|               | (1) unroll                  |  1,636       | user unroll pragmas are applied                                                        |
|               | (2) simplification          |  1,168       | simplification of applied user unroll pragmas                                          |
|               | (3) inline                  |  1,196       | user inline pragmas are applied                                                        |
|               | (4) simplification          |    904       | simplification of applied user inline pragmas                                          |
|               |                             |              |                                                                                        |
| Array/Struct  |                             |              | After user array partition and struct aggregate/disaggregate pragmas are applied       |
|               | (1) array partition         |    904       | user array partition pragmas are applied                                               |
|               | (2) simplification          |    904       | simplification of applied user array partition & struct aggregate/disaggregate pragmas |
|               | (3) aggregate/disaggregate  |    904       | user struct aggregate/disaggregate pragmas are applied                                 |
|               | (4) array reshape           |    904       | apply array reshape pragmas                                                            |
|               | (5) access patterns         |    904       | array access pattern optmizations                                                      |
|               |                             |              |                                                                                        |
| Performance   |                             |              | After transformations are applied to meet performance pragma targets                   |
|               | (1) loop simplification     |    722       | loop and instruction simplification                                                    |
|               | (2) parallelization         |    722       | loops are unrolled or pipelined to meet performance targets                            |
|               | (3) array partition         |    722       | arrays are partitioned to meet performance targets                                     |
|               | (4) simplification          |    722       | simplification of design after performance transformations                             |
|               |                             |              |                                                                                        |
| HW Transforms |                             |              | After hardware transfomations                                                          |
|               | (1) lowering                |    725       | initial conversion to HW specific instructions                                         |
|               | (2) optimizations           |    709       | high level synthesis optimizations                                                     |
+---------------+-----------------------------+--------------+----------------------------------------------------------------------------------------+

* Instructions per Function for each Compilation Phase
+-----------------+------------------+------------------+---------------+---------------+---------------+---------------+
| Function        | Location         | Compile/Link     | Unroll/Inline | Array/Struct  | Performance   | HW Transforms |
+-----------------+------------------+------------------+---------------+---------------+---------------+---------------+
| + hart          | hart.cpp:10      | 19,524           | 904           | 904           | 722           | 709           |
|    OP_AL_32I    | OP_AL_32I.cpp:5  | 13,235 (5 calls) | 655 (5 calls) | 655 (5 calls) | 505 (5 calls) | 505 (5 calls) |
|    next_pc_calc | hart.cpp:89      | 1,337 (7 calls)  |               |               |               |               |
|    OP_AL_32B    | OP_AL_32I.cpp:65 |   430            |               |               |               |               |
+-----------------+------------------+------------------+---------------+---------------+---------------+---------------+

* Design Size Message Settings
+---------------------------------------------+--------+------------------------------------------------------------------+
| Message Setting                             | Value  | Description                                                      |
+---------------------------------------------+--------+------------------------------------------------------------------+
| config_compile -design_size_maximum_warning | 100000 | Show a warning when total design instructions exceeds this value |
+---------------------------------------------+--------+------------------------------------------------------------------+


