

================================================================
== Synthesis Summary Report of 'hart'
================================================================
+ General Information: 
    * Date:           Wed Mar  6 18:26:26 2024
    * Version:        2023.2.2 (Build 4101106 on Feb  9 2024)
    * Project:        denem7
    * Solution:       solution1 (Vivado IP Flow Target)
    * Product family: zynquplus
    * Target device:  xczu7ev-ffvf1517-3-e
    

+ Performance & Resource Estimates: 
    
    PS: '+' for module; 'o' for loop; '*' for dataflow
    +--------------+------+------+---------+--------+----------+---------+------+----------+---------+----+-----------+------------+-----+
    |    Modules   | Issue|      | Latency | Latency| Iteration|         | Trip |          |         |    |           |            |     |
    |    & Loops   | Type | Slack| (cycles)|  (ns)  |  Latency | Interval| Count| Pipelined|  BRAM   | DSP|     FF    |     LUT    | URAM|
    +--------------+------+------+---------+--------+----------+---------+------+----------+---------+----+-----------+------------+-----+
    |+ hart        |     -|  1.72|        3|  30.000|         -|        4|     -|        no|  2 (~0%)|   -|  177 (~0%)|  2229 (~0%)|    -|
    | + OP_AL_32I  |     -|  4.44|        0|   0.000|         -|        0|     -|        no|        -|   -|          -|  1200 (~0%)|    -|
    +--------------+------+------+---------+--------+----------+---------+------+----------+---------+----+-----------+------------+-----+


================================================================
== HW Interfaces
================================================================
* Other Ports
+-----------+---------+-----------+----------+
| Port      | Mode    | Direction | Bitwidth |
+-----------+---------+-----------+----------+
| ap_return |         | out       | 32       |
| inst      | ap_none | in        | 32       |
| pc        | ap_none | in        | 32       |
+-----------+---------+-----------+----------+

* TOP LEVEL CONTROL
+-----------+------------+-----------------------------------+
| Interface | Type       | Ports                             |
+-----------+------------+-----------------------------------+
| ap_clk    | clock      | ap_clk                            |
| ap_rst    | reset      | ap_rst                            |
| ap_ctrl   | ap_ctrl_hs | ap_done ap_idle ap_ready ap_start |
+-----------+------------+-----------------------------------+


================================================================
== SW I/O Information
================================================================
* Top Function Arguments
+----------+-----------+-------------+
| Argument | Direction | Datatype    |
+----------+-----------+-------------+
| inst     | in        | ap_int<32>  |
| pc       | in        | ap_uint<32> |
| return   | out       | ap_uint<32> |
+----------+-----------+-------------+

* SW-to-HW Mapping
+----------+--------------+---------+
| Argument | HW Interface | HW Type |
+----------+--------------+---------+
| inst     | inst         | port    |
| pc       | pc           | port    |
| return   | ap_return    | port    |
+----------+--------------+---------+


================================================================
== Bind Op Report
================================================================
+------------------------+-----+--------+-----------+-----+--------+---------+
| Name                   | DSP | Pragma | Variable  | Op  | Impl   | Latency |
+------------------------+-----+--------+-----------+-----+--------+---------+
| + hart                 | 0   |        |           |     |        |         |
|   grp_fu_294_p2        |     |        | add_ln86  | add | fabric | 0       |
|   next_pc_6_fu_511_p2  |     |        | next_pc_6 | add | fabric | 0       |
|   grp_fu_294_p2        |     |        | add_ln82  | add | fabric | 0       |
|   next_pc_5_fu_542_p2  |     |        | next_pc_5 | add | fabric | 0       |
|   add_ln77_fu_546_p2   |     |        | add_ln77  | add | fabric | 0       |
|   grp_fu_294_p2        |     |        | next_pc_4 | add | fabric | 0       |
|   grp_fu_294_p2        |     |        | next_pc_3 | add | fabric | 0       |
|   next_pc_1_fu_746_p2  |     |        | next_pc_1 | add | fabric | 0       |
|   next_pc_2_fu_772_p2  |     |        | next_pc_2 | add | fabric | 0       |
|   next_pc_fu_798_p2    |     |        | next_pc   | add | fabric | 0       |
|  + OP_AL_32I           | 0   |        |           |     |        |         |
|    grp_fu_252_p2       |     |        | rd_val_1  | add | fabric | 0       |
|    grp_fu_272_p2       |     |        | sub_ln29  | sub | fabric | 0       |
|    rd_val_14_fu_383_p2 |     |        | rd_val_14 | sub | fabric | 0       |
|    grp_fu_272_p2       |     |        | sub_ln20  | sub | fabric | 0       |
|    grp_fu_272_p2       |     |        | sub_ln16  | sub | fabric | 0       |
|    grp_fu_252_p2       |     |        | rd_val_8  | add | fabric | 0       |
+------------------------+-----+--------+-----------+-----+--------+---------+


================================================================
== Storage Report
================================================================
+--------+---------+------+------+------+--------+----------+------+---------+------------------+
| Name   | Usage   | Type | BRAM | URAM | Pragma | Variable | Impl | Latency | Bitwidth, Depth, |
|        |         |      |      |      |        |          |      |         | Banks            |
+--------+---------+------+------+------+--------+----------+------+---------+------------------+
| + hart |         |      | 2    | 0    |        |          |      |         |                  |
|   rf_U | ram_t2p |      | 2    |      |        | rf       | auto | 1       | 32, 32, 1        |
+--------+---------+------+------+------+--------+----------+------+---------+------------------+


================================================================
== Pragma Report
================================================================
* Pragmas with Warnings
+-----------+--------------------------+----------------------------+--------------------------------------------------------------------------------------------------------------------------------------------------------------------------------------------------------------------+
| Type      | Options                  | Location                   | Messages                                                                                                                                                                                                           |
+-----------+--------------------------+----------------------------+--------------------------------------------------------------------------------------------------------------------------------------------------------------------------------------------------------------------+
| interface | mode=ap_ovld port=return | hart.cpp:9 in hart, return | Unable to apply INTERFACE pragma options on a pass by value struct member field. Consider changing the signature of the struct to a pass by reference or as a pointer. In function 'hart(ap_int<32>, ap_uint<32>)' |
+-----------+--------------------------+----------------------------+--------------------------------------------------------------------------------------------------------------------------------------------------------------------------------------------------------------------+


