

================================================================
== Vitis HLS Report for 'hart'
================================================================
* Date:           Wed Apr 17 15:09:57 2024

* Version:        2023.2.2 (Build 4101106 on Feb  9 2024)
* Project:        denem7
* Solution:       solution1 (Vivado IP Flow Target)
* Product family: zynquplus
* Target device:  xczu7ev-ffvf1517-3-e


================================================================
== Performance Estimates
================================================================
+ Timing: 
    * Summary: 
    +--------+----------+----------+------------+
    |  Clock |  Target  | Estimated| Uncertainty|
    +--------+----------+----------+------------+
    |ap_clk  |  10.00 ns|  4.104 ns|     2.70 ns|
    +--------+----------+----------+------------+

+ Latency: 
    * Summary: 
    +---------+---------+----------+----------+-----+-----+---------+
    |  Latency (cycles) |  Latency (absolute) |  Interval | Pipeline|
    |   min   |   max   |    min   |    max   | min | max |   Type  |
    +---------+---------+----------+----------+-----+-----+---------+
    |        0|        0|      0 ns|      0 ns|    0|    0|       no|
    +---------+---------+----------+----------+-----+-----+---------+

    + Detail: 
        * Instance: 
        +----------------------+-----------+---------+---------+----------+----------+-----+-----+---------+
        |                      |           |  Latency (cycles) |  Latency (absolute) |  Interval | Pipeline|
        |       Instance       |   Module  |   min   |   max   |    min   |    max   | min | max |   Type  |
        +----------------------+-----------+---------+---------+----------+----------+-----+-----+---------+
        |grp_OP_AL_32I_fu_187  |OP_AL_32I  |        0|        0|      0 ns|      0 ns|    0|    0|       no|
        +----------------------+-----------+---------+---------+----------+----------+-----+-----+---------+

        * Loop: 
        N/A



================================================================
== Utilization Estimates
================================================================
* Summary: 
+-----------------+---------+------+--------+--------+-----+
|       Name      | BRAM_18K|  DSP |   FF   |   LUT  | URAM|
+-----------------+---------+------+--------+--------+-----+
|DSP              |        -|     -|       -|       -|    -|
|Expression       |        -|     -|       0|     577|    -|
|FIFO             |        -|     -|       -|       -|    -|
|Instance         |        -|     -|       0|     926|    -|
|Memory           |        -|     -|       -|       -|    -|
|Multiplexer      |        -|     -|       -|     102|    -|
|Register         |        -|     -|       -|       -|    -|
+-----------------+---------+------+--------+--------+-----+
|Total            |        0|     0|       0|    1605|    0|
+-----------------+---------+------+--------+--------+-----+
|Available        |      624|  1728|  460800|  230400|   96|
+-----------------+---------+------+--------+--------+-----+
|Utilization (%)  |        0|     0|       0|      ~0|    0|
+-----------------+---------+------+--------+--------+-----+

+ Detail: 
    * Instance: 
    +----------------------+-----------+---------+----+---+-----+-----+
    |       Instance       |   Module  | BRAM_18K| DSP| FF| LUT | URAM|
    +----------------------+-----------+---------+----+---+-----+-----+
    |grp_OP_AL_32I_fu_187  |OP_AL_32I  |        0|   0|  0|  926|    0|
    +----------------------+-----------+---------+----+---+-----+-----+
    |Total                 |           |        0|   0|  0|  926|    0|
    +----------------------+-----------+---------+----+---+-----+-----+

    * DSP: 
    N/A

    * Memory: 
    N/A

    * FIFO: 
    N/A

    * Expression: 
    +------------------------+----------+----+---+----+------------+------------+
    |      Variable Name     | Operation| DSP| FF| LUT| Bitwidth P0| Bitwidth P1|
    +------------------------+----------+----+---+----+------------+------------+
    |add_ln80_fu_440_p2      |         +|   0|  0|  39|          32|          32|
    |add_ln86_4_fu_433_p2    |         +|   0|  0|  39|          32|          32|
    |add_ln86_5_fu_405_p2    |         +|   0|  0|  39|          32|          32|
    |add_ln86_6_fu_601_p2    |         +|   0|  0|  39|          32|          32|
    |grp_fu_200_p2           |         +|   0|  0|  39|          32|           3|
    |grp_fu_211_p2           |      icmp|   0|  0|  10|           3|           1|
    |grp_fu_216_p2           |      icmp|   0|  0|  39|          32|          32|
    |grp_fu_222_p2           |      icmp|   0|  0|  39|          32|          32|
    |icmp_ln67_1_fu_533_p2   |      icmp|   0|  0|  10|           3|           3|
    |icmp_ln67_2_fu_547_p2   |      icmp|   0|  0|  10|           3|           3|
    |icmp_ln67_3_fu_561_p2   |      icmp|   0|  0|  12|           3|           4|
    |icmp_ln67_4_fu_575_p2   |      icmp|   0|  0|  10|           3|           1|
    |icmp_ln67_fu_519_p2     |      icmp|   0|  0|  10|           3|           2|
    |icmp_ln68_fu_447_p2     |      icmp|   0|  0|  39|          32|          32|
    |icmp_ln69_fu_461_p2     |      icmp|   0|  0|  39|          32|          32|
    |or_ln86_2_fu_649_p2     |        or|   0|  0|   2|           1|           1|
    |or_ln86_fu_621_p2       |        or|   0|  0|   2|           1|           1|
    |returnval_10_fu_553_p3  |    select|   0|  0|  13|           1|          13|
    |returnval_11_fu_567_p3  |    select|   0|  0|  13|           1|          13|
    |returnval_12_fu_581_p3  |    select|   0|  0|  13|           1|          13|
    |returnval_2_fu_453_p3   |    select|   0|  0|  13|           1|          13|
    |returnval_3_fu_467_p3   |    select|   0|  0|  13|           1|          13|
    |returnval_4_fu_475_p3   |    select|   0|  0|  13|           1|          13|
    |returnval_5_fu_489_p3   |    select|   0|  0|  13|           1|          13|
    |returnval_6_fu_497_p3   |    select|   0|  0|  13|           1|          13|
    |returnval_7_fu_511_p3   |    select|   0|  0|  13|           1|          13|
    |returnval_8_fu_525_p3   |    select|   0|  0|  13|           1|          13|
    |returnval_9_fu_539_p3   |    select|   0|  0|  13|           1|          13|
    |returnval_fu_589_p3     |    select|   0|  0|  13|           1|          13|
    |xor_ln71_fu_483_p2      |       xor|   0|  0|   2|           1|           2|
    |xor_ln73_fu_505_p2      |       xor|   0|  0|   2|           1|           2|
    +------------------------+----------+----+---+----+------------+------------+
    |Total                   |          |   0|  0| 577|         322|         435|
    +------------------------+----------+----+---+----+------------+------------+

    * Multiplexer: 
    +--------------------------------------+----+-----------+-----+-----------+
    |                 Name                 | LUT| Input Size| Bits| Total Bits|
    +--------------------------------------+----+-----------+-----+-----------+
    |ap_phi_mux_phi_ln83_1_phi_fu_166_p18  |  43|          8|   32|        256|
    |ap_phi_mux_phi_ln83_phi_fu_141_p18    |  31|          6|   32|        192|
    |grp_OP_AL_32I_fu_187_op2_val          |  14|          3|   32|         96|
    |grp_OP_AL_32I_fu_187_opcode_val       |  14|          3|    6|         18|
    +--------------------------------------+----+-----------+-----+-----------+
    |Total                                 | 102|         20|  102|        562|
    +--------------------------------------+----+-----------+-----+-----------+

    * Register: 
    N/A



================================================================
== Interface
================================================================
* Summary: 
+-------------+-----+-----+------------+--------------+--------------+
|  RTL Ports  | Dir | Bits|  Protocol  | Source Object|    C Type    |
+-------------+-----+-----+------------+--------------+--------------+
|ap_ready     |  out|    1|  ap_ctrl_hs|          hart|  return value|
|ap_return_0  |  out|   32|  ap_ctrl_hs|          hart|  return value|
|ap_return_1  |  out|   32|  ap_ctrl_hs|          hart|  return value|
|inst_val     |   in|   32|     ap_none|      inst_val|        scalar|
|r1_val       |   in|   32|     ap_none|        r1_val|        scalar|
|r2_val       |   in|   32|     ap_none|        r2_val|        scalar|
|pc_val       |   in|   32|     ap_none|        pc_val|        scalar|
+-------------+-----+-----+------------+--------------+--------------+

