

================================================================
== Vitis HLS Report for 'top_module'
================================================================
* Date:           Wed Apr 17 15:09:59 2024

* Version:        2023.2.2 (Build 4101106 on Feb  9 2024)
* Project:        denem7
* Solution:       solution1 (Vivado IP Flow Target)
* Product family: zynquplus
* Target device:  xczu7ev-ffvf1517-3-e


================================================================
== Performance Estimates
================================================================
+ Timing: 
    * Summary: 
    +--------+----------+----------+------------+
    |  Clock |  Target  | Estimated| Uncertainty|
    +--------+----------+----------+------------+
    |ap_clk  |  10.00 ns|  6.730 ns|     2.70 ns|
    +--------+----------+----------+------------+

+ Latency: 
    * Summary: 
    +---------+---------+----------+----------+-----+-----+---------+
    |  Latency (cycles) |  Latency (absolute) |  Interval | Pipeline|
    |   min   |   max   |    min   |    max   | min | max |   Type  |
    +---------+---------+----------+----------+-----+-----+---------+
    |        0|        0|      0 ns|      0 ns|    1|    1|       no|
    +---------+---------+----------+----------+-----+-----+---------+

    + Detail: 
        * Instance: 
        +-------------------------+-------+---------+---------+----------+----------+-----+-----+---------+
        |                         |       |  Latency (cycles) |  Latency (absolute) |  Interval | Pipeline|
        |         Instance        | Module|   min   |   max   |    min   |    max   | min | max |   Type  |
        +-------------------------+-------+---------+---------+----------+----------+-----+-----+---------+
        |hart_ret4_hart_fu_20063  |hart   |        0|        0|      0 ns|      0 ns|    0|    0|       no|
        |hart_ret_hart_fu_20073   |hart   |        0|        0|      0 ns|      0 ns|    0|    0|       no|
        +-------------------------+-------+---------+---------+----------+----------+-----+-----+---------+

        * Loop: 
        N/A



================================================================
== Utilization Estimates
================================================================
* Summary: 
+-----------------+---------+------+--------+--------+-----+
|       Name      | BRAM_18K|  DSP |   FF   |   LUT  | URAM|
+-----------------+---------+------+--------+--------+-----+
|DSP              |        -|     -|       -|       -|    -|
|Expression       |        -|     -|       0|     293|    -|
|FIFO             |        -|     -|       -|       -|    -|
|Instance         |        -|     -|       0|    3802|    -|
|Memory           |        -|     -|       -|       -|    -|
|Multiplexer      |        -|     -|       -|    1550|    -|
|Register         |        -|     -|    1025|       -|    -|
+-----------------+---------+------+--------+--------+-----+
|Total            |        0|     0|    1025|    5645|    0|
+-----------------+---------+------+--------+--------+-----+
|Available        |      624|  1728|  460800|  230400|   96|
+-----------------+---------+------+--------+--------+-----+
|Utilization (%)  |        0|     0|      ~0|       2|    0|
+-----------------+---------+------+--------+--------+-----+

+ Detail: 
    * Instance: 
    +---------------------------+-----------------------+---------+----+---+------+-----+
    |          Instance         |         Module        | BRAM_18K| DSP| FF|  LUT | URAM|
    +---------------------------+-----------------------+---------+----+---+------+-----+
    |hart_ret4_hart_fu_20063    |hart                   |        0|   0|  0|  1605|    0|
    |hart_ret_hart_fu_20073     |hart                   |        0|   0|  0|  1605|    0|
    |sparsemux_65_5_32_1_1_U10  |sparsemux_65_5_32_1_1  |        0|   0|  0|   148|    0|
    |sparsemux_65_5_32_1_1_U11  |sparsemux_65_5_32_1_1  |        0|   0|  0|   148|    0|
    |sparsemux_65_5_32_1_1_U12  |sparsemux_65_5_32_1_1  |        0|   0|  0|   148|    0|
    |sparsemux_65_5_32_1_1_U13  |sparsemux_65_5_32_1_1  |        0|   0|  0|   148|    0|
    +---------------------------+-----------------------+---------+----+---+------+-----+
    |Total                      |                       |        0|   0|  0|  3802|    0|
    +---------------------------+-----------------------+---------+----+---+------+-----+

    * DSP: 
    N/A

    * Memory: 
    N/A

    * FIFO: 
    N/A

    * Expression: 
    +--------------------------+----------+----+---+----+------------+------------+
    |       Variable Name      | Operation| DSP| FF| LUT| Bitwidth P0| Bitwidth P1|
    +--------------------------+----------+----+---+----+------------+------------+
    |second_pc_fu_20156_p2     |         +|   0|  0|  39|          32|           3|
    |and_ln109_1_fu_20277_p2   |       and|   0|  0|   2|           1|           1|
    |and_ln109_fu_20271_p2     |       and|   0|  0|   2|           1|           1|
    |and_ln115_fu_20215_p2     |       and|   0|  0|   2|           1|           1|
    |and_ln120_fu_20245_p2     |       and|   0|  0|   2|           1|           1|
    |and_ln78_1_fu_24337_p2    |       and|   0|  0|   2|           1|           1|
    |and_ln78_fu_24331_p2      |       and|   0|  0|   2|           1|           1|
    |and_ln81_1_fu_24361_p2    |       and|   0|  0|   2|           1|           1|
    |and_ln81_fu_24355_p2      |       and|   0|  0|   2|           1|           1|
    |grp_fu_20082_p2           |      icmp|   0|  0|  14|           7|           6|
    |icmp_ln109_1_fu_20173_p2  |      icmp|   0|  0|  14|           7|           6|
    |icmp_ln109_fu_20167_p2    |      icmp|   0|  0|  12|           5|           1|
    |icmp_ln114_fu_20179_p2    |      icmp|   0|  0|  12|           5|           5|
    |icmp_ln115_1_fu_20191_p2  |      icmp|   0|  0|  14|           7|           5|
    |icmp_ln115_fu_20185_p2    |      icmp|   0|  0|  14|           7|           6|
    |icmp_ln116_fu_20197_p2    |      icmp|   0|  0|  14|           7|           6|
    |icmp_ln119_fu_20221_p2    |      icmp|   0|  0|  12|           5|           5|
    |icmp_ln120_1_fu_20233_p2  |      icmp|   0|  0|  14|           7|           6|
    |icmp_ln120_fu_20227_p2    |      icmp|   0|  0|  14|           7|           6|
    |icmp_ln68_fu_24283_p2     |      icmp|   0|  0|  39|          32|          32|
    |icmp_ln75_fu_24301_p2     |      icmp|   0|  0|  12|           5|           5|
    |icmp_ln78_1_fu_24325_p2   |      icmp|   0|  0|  12|           5|           1|
    |icmp_ln81_1_fu_24349_p2   |      icmp|   0|  0|  12|           5|           1|
    |phitmp_fu_20259_p2        |      icmp|   0|  0|   9|           2|           1|
    |or_ln120_fu_20239_p2      |        or|   0|  0|   2|           1|           1|
    |or_ln70_1_fu_24295_p2     |        or|   0|  0|   2|           1|           1|
    |or_ln70_fu_24289_p2       |        or|   0|  0|   2|           1|           1|
    |or_ln76_1_fu_24313_p2     |        or|   0|  0|   2|           1|           1|
    |or_ln76_fu_24307_p2       |        or|   0|  0|   2|           1|           1|
    |xor_ln109_fu_20265_p2     |       xor|   0|  0|   2|           1|           2|
    |xor_ln116_1_fu_20203_p2   |       xor|   0|  0|   2|           1|           1|
    |xor_ln116_fu_20209_p2     |       xor|   0|  0|   2|           1|           1|
    |xor_ln78_fu_24319_p2      |       xor|   0|  0|   2|           1|           2|
    |xor_ln81_fu_24343_p2      |       xor|   0|  0|   2|           1|           2|
    +--------------------------+----------+----+---+----+------------+------------+
    |Total                     |          |   0|  0| 293|         163|         116|
    +--------------------------+----------+----+---+----+------------+------------+

    * Multiplexer: 
    +-------------------------------------------------------------------------------------------------------------------+----+-----------+-----+-----------+
    |                                                        Name                                                       | LUT| Input Size| Bits| Total Bits|
    +-------------------------------------------------------------------------------------------------------------------+----+-----------+-----+-----------+
    |ap_phi_mux_next_pc_phi_fu_19861_p200                                                                               |  14|          3|   32|         96|
    |ap_phi_mux_p_ZZ10top_module6ap_intILi32EES0_7ap_uintILi32EEE2rf_10_flag_11_phi_fu_8641_p200                        |  20|          4|    1|          4|
    |ap_phi_mux_p_ZZ10top_module6ap_intILi32EES0_7ap_uintILi32EEE2rf_10_flag_5_phi_fu_1253_p66                          |  14|          3|    1|          3|
    |ap_phi_mux_p_ZZ10top_module6ap_intILi32EES0_7ap_uintILi32EEE2rf_10_new_11_phi_fu_8946_p200                         |  14|          3|   32|         96|
    |ap_phi_mux_p_ZZ10top_module6ap_intILi32EES0_7ap_uintILi32EEE2rf_15_new_11_phi_fu_11496_p200                        |  14|          3|   32|         96|
    |ap_phi_mux_p_ZZ10top_module6ap_intILi32EES0_7ap_uintILi32EEE2rf_16_flag_11_phi_fu_11701_p200                       |  20|          4|    1|          4|
    |ap_phi_mux_p_ZZ10top_module6ap_intILi32EES0_7ap_uintILi32EEE2rf_16_flag_5_phi_fu_1877_p66                          |  14|          3|    1|          3|
    |ap_phi_mux_p_ZZ10top_module6ap_intILi32EES0_7ap_uintILi32EEE2rf_16_new_11_phi_fu_12006_p200                        |  14|          3|   32|         96|
    |ap_phi_mux_p_ZZ10top_module6ap_intILi32EES0_7ap_uintILi32EEE2rf_17_flag_11_phi_fu_12211_p200                       |  20|          4|    1|          4|
    |ap_phi_mux_p_ZZ10top_module6ap_intILi32EES0_7ap_uintILi32EEE2rf_18_flag_5_phi_fu_2085_p66                          |  14|          3|    1|          3|
    |ap_phi_mux_p_ZZ10top_module6ap_intILi32EES0_7ap_uintILi32EEE2rf_18_new_11_phi_fu_13026_p200                        |  14|          3|   32|         96|
    |ap_phi_mux_p_ZZ10top_module6ap_intILi32EES0_7ap_uintILi32EEE2rf_19_flag_11_phi_fu_13231_p200                       |  20|          4|    1|          4|
    |ap_phi_mux_p_ZZ10top_module6ap_intILi32EES0_7ap_uintILi32EEE2rf_19_flag_5_phi_fu_2189_p66                          |  14|          3|    1|          3|
    |ap_phi_mux_p_ZZ10top_module6ap_intILi32EES0_7ap_uintILi32EEE2rf_19_new_11_phi_fu_13536_p200                        |  14|          3|   32|         96|
    |ap_phi_mux_p_ZZ10top_module6ap_intILi32EES0_7ap_uintILi32EEE2rf_20_flag_11_phi_fu_13741_p200                       |  20|          4|    1|          4|
    |ap_phi_mux_p_ZZ10top_module6ap_intILi32EES0_7ap_uintILi32EEE2rf_20_flag_5_phi_fu_2293_p66                          |  14|          3|    1|          3|
    |ap_phi_mux_p_ZZ10top_module6ap_intILi32EES0_7ap_uintILi32EEE2rf_20_new_11_phi_fu_14046_p200                        |  14|          3|   32|         96|
    |ap_phi_mux_p_ZZ10top_module6ap_intILi32EES0_7ap_uintILi32EEE2rf_25_new_11_phi_fu_16596_p200                        |  14|          3|   32|         96|
    |ap_phi_mux_p_ZZ10top_module6ap_intILi32EES0_7ap_uintILi32EEE2rf_26_flag_11_phi_fu_16801_p200                       |  20|          4|    1|          4|
    |ap_phi_mux_p_ZZ10top_module6ap_intILi32EES0_7ap_uintILi32EEE2rf_26_flag_5_phi_fu_2917_p66                          |  14|          3|    1|          3|
    |ap_phi_mux_p_ZZ10top_module6ap_intILi32EES0_7ap_uintILi32EEE2rf_26_new_11_phi_fu_17106_p200                        |  14|          3|   32|         96|
    |ap_phi_mux_p_ZZ10top_module6ap_intILi32EES0_7ap_uintILi32EEE2rf_27_flag_11_phi_fu_17311_p200                       |  20|          4|    1|          4|
    |ap_phi_mux_p_ZZ10top_module6ap_intILi32EES0_7ap_uintILi32EEE2rf_28_flag_5_phi_fu_3125_p66                          |  14|          3|    1|          3|
    |ap_phi_mux_p_ZZ10top_module6ap_intILi32EES0_7ap_uintILi32EEE2rf_28_new_11_phi_fu_18126_p200                        |  14|          3|   32|         96|
    |ap_phi_mux_p_ZZ10top_module6ap_intILi32EES0_7ap_uintILi32EEE2rf_29_flag_11_phi_fu_18331_p200                       |  20|          4|    1|          4|
    |ap_phi_mux_p_ZZ10top_module6ap_intILi32EES0_7ap_uintILi32EEE2rf_29_flag_5_phi_fu_3229_p66                          |  14|          3|    1|          3|
    |ap_phi_mux_p_ZZ10top_module6ap_intILi32EES0_7ap_uintILi32EEE2rf_29_new_11_phi_fu_18636_p200                        |  14|          3|   32|         96|
    |ap_phi_mux_p_ZZ10top_module6ap_intILi32EES0_7ap_uintILi32EEE2rf_30_flag_11_phi_fu_18841_p200                       |  20|          4|    1|          4|
    |ap_phi_mux_p_ZZ10top_module6ap_intILi32EES0_7ap_uintILi32EEE2rf_30_flag_5_phi_fu_3333_p66                          |  14|          3|    1|          3|
    |ap_phi_mux_p_ZZ10top_module6ap_intILi32EES0_7ap_uintILi32EEE2rf_30_new_11_phi_fu_19146_p200                        |  14|          3|   32|         96|
    |ap_phi_mux_top_module_ap_int_32_ap_int_32_ap_uint_32_rf_16_phi_fu_1981_p66                                         |  14|          3|    1|          3|
    |ap_phi_mux_top_module_ap_int_32_ap_int_32_ap_uint_32_rf_1_flag_11_phi_fu_4051_p200                                 |  20|          4|    1|          4|
    |ap_phi_mux_top_module_ap_int_32_ap_int_32_ap_uint_32_rf_1_flag_5_phi_fu_317_p66                                    |  14|          3|    1|          3|
    |ap_phi_mux_top_module_ap_int_32_ap_int_32_ap_uint_32_rf_1_new_11_phi_fu_4356_p200                                  |  14|          3|   32|         96|
    |ap_phi_mux_top_module_ap_int_32_ap_int_32_ap_uint_32_rf_22_phi_fu_3021_p66                                         |  14|          3|    1|          3|
    |ap_phi_mux_top_module_ap_int_32_ap_int_32_ap_uint_32_rf_24_phi_fu_12516_p200                                       |  14|          3|   32|         96|
    |ap_phi_mux_top_module_ap_int_32_ap_int_32_ap_uint_32_rf_25_phi_fu_12721_p200                                       |  20|          4|    1|          4|
    |ap_phi_mux_top_module_ap_int_32_ap_int_32_ap_uint_32_rf_2_flag_11_phi_fu_4561_p200                                 |  20|          4|    1|          4|
    |ap_phi_mux_top_module_ap_int_32_ap_int_32_ap_uint_32_rf_2_flag_5_phi_fu_421_p66                                    |  14|          3|    1|          3|
    |ap_phi_mux_top_module_ap_int_32_ap_int_32_ap_uint_32_rf_2_new_11_phi_fu_4866_p200                                  |  14|          3|   32|         96|
    |ap_phi_mux_top_module_ap_int_32_ap_int_32_ap_uint_32_rf_35_phi_fu_17616_p200                                       |  14|          3|   32|         96|
    |ap_phi_mux_top_module_ap_int_32_ap_int_32_ap_uint_32_rf_36_phi_fu_17821_p200                                       |  20|          4|    1|          4|
    |ap_phi_mux_top_module_ap_int_32_ap_int_32_ap_uint_32_rf_3_flag_11_phi_fu_5071_p200                                 |  20|          4|    1|          4|
    |ap_phi_mux_top_module_ap_int_32_ap_int_32_ap_uint_32_rf_3_flag_5_phi_fu_525_p66                                    |  14|          3|    1|          3|
    |ap_phi_mux_top_module_ap_int_32_ap_int_32_ap_uint_32_rf_3_new_11_phi_fu_5376_p200                                  |  14|          3|   32|         96|
    |ap_phi_mux_top_module_ap_int_32_ap_int_32_ap_uint_32_rf_4_flag_11_phi_fu_5581_p200                                 |  20|          4|    1|          4|
    |ap_phi_mux_top_module_ap_int_32_ap_int_32_ap_uint_32_rf_4_flag_5_phi_fu_629_p66                                    |  14|          3|    1|          3|
    |ap_phi_mux_top_module_ap_int_32_ap_int_32_ap_uint_32_rf_4_new_11_phi_fu_5886_p200                                  |  14|          3|   32|         96|
    |ap_phi_mux_top_module_ap_int_32_ap_int_32_ap_uint_32_rf_5_flag_11_phi_fu_6091_p200                                 |  20|          4|    1|          4|
    |ap_phi_mux_top_module_ap_int_32_ap_int_32_ap_uint_32_rf_5_flag_5_phi_fu_733_p66                                    |  14|          3|    1|          3|
    |ap_phi_mux_top_module_ap_int_32_ap_int_32_ap_uint_32_rf_5_new_11_phi_fu_6396_p200                                  |  14|          3|   32|         96|
    |ap_phi_mux_top_module_ap_int_32_ap_int_32_ap_uint_32_rf_6_flag_11_phi_fu_6601_p200                                 |  20|          4|    1|          4|
    |ap_phi_mux_top_module_ap_int_32_ap_int_32_ap_uint_32_rf_6_flag_5_phi_fu_837_p66                                    |  14|          3|    1|          3|
    |ap_phi_mux_top_module_ap_int_32_ap_int_32_ap_uint_32_rf_6_new_11_phi_fu_6906_p200                                  |  14|          3|   32|         96|
    |ap_phi_mux_top_module_ap_int_32_ap_int_32_ap_uint_32_rf_7_flag_11_phi_fu_7111_p200                                 |  20|          4|    1|          4|
    |ap_phi_mux_top_module_ap_int_32_ap_int_32_ap_uint_32_rf_7_flag_5_phi_fu_941_p66                                    |  14|          3|    1|          3|
    |ap_phi_mux_top_module_ap_int_32_ap_int_32_ap_uint_32_rf_7_new_11_phi_fu_7416_p200                                  |  14|          3|   32|         96|
    |ap_phi_mux_top_module_ap_int_32_ap_int_32_ap_uint_32_rf_8_flag_11_phi_fu_7621_p200                                 |  20|          4|    1|          4|
    |ap_phi_mux_top_module_ap_int_32_ap_int_32_ap_uint_32_rf_8_flag_5_phi_fu_1045_p66                                   |  14|          3|    1|          3|
    |ap_phi_mux_top_module_ap_int_32_ap_int_32_ap_uint_32_rf_8_new_11_phi_fu_7926_p200                                  |  14|          3|   32|         96|
    |ap_phi_mux_top_module_ap_int_32_ap_int_32_ap_uint_32_rf_9_flag_11_phi_fu_8131_p200                                 |  20|          4|    1|          4|
    |ap_phi_mux_top_module_ap_int_32_ap_int_32_ap_uint_32_rf_9_flag_5_phi_fu_1149_p66                                   |  14|          3|    1|          3|
    |ap_phi_mux_top_module_ap_int_32_ap_int_32_ap_uint_32_rf_9_new_11_phi_fu_8436_p200                                  |  14|          3|   32|         96|
    |ap_phi_mux_top_module_ap_int_32_ap_int_32_ap_uint_32_rf_f_long_signed_char_float128_11_s_28_phi_fu_14761_p200      |  20|          4|    1|          4|
    |ap_phi_mux_top_module_ap_int_32_ap_int_32_ap_uint_32_rf_f_long_signed_char_float128_11_s_phi_fu_9661_p200          |  20|          4|    1|          4|
    |ap_phi_mux_top_module_ap_int_32_ap_int_32_ap_uint_32_rf_f_long_signed_char_float128_5_s_18_phi_fu_2501_p66         |  14|          3|    1|          3|
    |ap_phi_mux_top_module_ap_int_32_ap_int_32_ap_uint_32_rf_f_long_signed_char_float128_5_s_phi_fu_1461_p66            |  14|          3|    1|          3|
    |ap_phi_mux_top_module_ap_int_32_ap_int_32_ap_uint_32_rf_fl_signed_char_float128_11_s_30_phi_fu_15271_p200          |  20|          4|    1|          4|
    |ap_phi_mux_top_module_ap_int_32_ap_int_32_ap_uint_32_rf_fl_signed_char_float128_11_s_phi_fu_10171_p200             |  20|          4|    1|          4|
    |ap_phi_mux_top_module_ap_int_32_ap_int_32_ap_uint_32_rf_fl_signed_char_float128_5_s_19_phi_fu_2605_p66             |  14|          3|    1|          3|
    |ap_phi_mux_top_module_ap_int_32_ap_int_32_ap_uint_32_rf_fl_signed_char_float128_5_s_phi_fu_1565_p66                |  14|          3|    1|          3|
    |ap_phi_mux_top_module_ap_int_32_ap_int_32_ap_uint_32_rf_fla_float128_11_s_32_phi_fu_15781_p200                     |  20|          4|    1|          4|
    |ap_phi_mux_top_module_ap_int_32_ap_int_32_ap_uint_32_rf_fla_float128_11_s_phi_fu_10681_p200                        |  20|          4|    1|          4|
    |ap_phi_mux_top_module_ap_int_32_ap_int_32_ap_uint_32_rf_fla_float128_5_s_20_phi_fu_2709_p66                        |  14|          3|    1|          3|
    |ap_phi_mux_top_module_ap_int_32_ap_int_32_ap_uint_32_rf_fla_float128_5_s_phi_fu_1669_p66                           |  14|          3|    1|          3|
    |ap_phi_mux_top_module_ap_int_32_ap_int_32_ap_uint_32_rf_flag_11_phi_fu_3541_p200                                   |  20|          4|    1|          4|
    |ap_phi_mux_top_module_ap_int_32_ap_int_32_ap_uint_32_rf_flag_11_s_34_phi_fu_16291_p200                             |  20|          4|    1|          4|
    |ap_phi_mux_top_module_ap_int_32_ap_int_32_ap_uint_32_rf_flag_11_s_phi_fu_11191_p200                                |  20|          4|    1|          4|
    |ap_phi_mux_top_module_ap_int_32_ap_int_32_ap_uint_32_rf_flag_5_phi_fu_213_p66                                      |  14|          3|    1|          3|
    |ap_phi_mux_top_module_ap_int_32_ap_int_32_ap_uint_32_rf_flag_5_s_21_phi_fu_2813_p66                                |  14|          3|    1|          3|
    |ap_phi_mux_top_module_ap_int_32_ap_int_32_ap_uint_32_rf_flag_5_s_phi_fu_1773_p66                                   |  14|          3|    1|          3|
    |ap_phi_mux_top_module_ap_int_32_ap_int_32_ap_uint_32_rf_float_long_signed_char_float128_11_s_26_phi_fu_14251_p200  |  20|          4|    1|          4|
    |ap_phi_mux_top_module_ap_int_32_ap_int_32_ap_uint_32_rf_float_long_signed_char_float128_11_s_37_phi_fu_19351_p200  |  20|          4|    1|          4|
    |ap_phi_mux_top_module_ap_int_32_ap_int_32_ap_uint_32_rf_float_long_signed_char_float128_11_s_phi_fu_9151_p200      |  20|          4|    1|          4|
    |ap_phi_mux_top_module_ap_int_32_ap_int_32_ap_uint_32_rf_float_long_signed_char_float128_5_s_17_phi_fu_2397_p66     |  14|          3|    1|          3|
    |ap_phi_mux_top_module_ap_int_32_ap_int_32_ap_uint_32_rf_float_long_signed_char_float128_5_s_23_phi_fu_3437_p66     |  14|          3|    1|          3|
    |ap_phi_mux_top_module_ap_int_32_ap_int_32_ap_uint_32_rf_float_long_signed_char_float128_5_s_phi_fu_1357_p66        |  14|          3|    1|          3|
    |ap_phi_mux_top_module_ap_int_32_ap_int_32_ap_uint_32_rf_int128_long_double_wchar_t_11_s_27_phi_fu_14556_p200       |  14|          3|   32|         96|
    |ap_phi_mux_top_module_ap_int_32_ap_int_32_ap_uint_32_rf_int128_long_double_wchar_t_11_s_38_phi_fu_19656_p200       |  14|          3|   32|         96|
    |ap_phi_mux_top_module_ap_int_32_ap_int_32_ap_uint_32_rf_int128_long_double_wchar_t_11_s_phi_fu_9456_p200           |  14|          3|   32|         96|
    |ap_phi_mux_top_module_ap_int_32_ap_int_32_ap_uint_32_rf_n_long_double_wchar_t_11_s_29_phi_fu_15066_p200            |  14|          3|   32|         96|
    |ap_phi_mux_top_module_ap_int_32_ap_int_32_ap_uint_32_rf_n_long_double_wchar_t_11_s_phi_fu_9966_p200                |  14|          3|   32|         96|
    |ap_phi_mux_top_module_ap_int_32_ap_int_32_ap_uint_32_rf_ne_wchar_t_11_s_31_phi_fu_15576_p200                       |  14|          3|   32|         96|
    |ap_phi_mux_top_module_ap_int_32_ap_int_32_ap_uint_32_rf_ne_wchar_t_11_s_phi_fu_10476_p200                          |  14|          3|   32|         96|
    |ap_phi_mux_top_module_ap_int_32_ap_int_32_ap_uint_32_rf_new_11_phi_fu_3846_p200                                    |  14|          3|   32|         96|
    |ap_phi_mux_top_module_ap_int_32_ap_int_32_ap_uint_32_rf_new_11_s_33_phi_fu_16086_p200                              |  14|          3|   32|         96|
    |ap_phi_mux_top_module_ap_int_32_ap_int_32_ap_uint_32_rf_new_11_s_phi_fu_10986_p200                                 |  14|          3|   32|         96|
    +-------------------------------------------------------------------------------------------------------------------+----+-----------+-----+-----------+
    |Total                                                                                                              |1550|        323| 1120|       3392|
    +-------------------------------------------------------------------------------------------------------------------+----+-----------+-----+-----------+

    * Register: 
    +---------------------------------------------------------+----+----+-----+-----------+
    |                           Name                          | FF | LUT| Bits| Const Bits|
    +---------------------------------------------------------+----+----+-----+-----------+
    |ap_CS_fsm                                                |   1|   0|    1|          0|
    |p_ZZ10top_module6ap_intILi32EES0_7ap_uintILi32EEE2rf_10  |  32|   0|   32|          0|
    |p_ZZ10top_module6ap_intILi32EES0_7ap_uintILi32EEE2rf_11  |  32|   0|   32|          0|
    |p_ZZ10top_module6ap_intILi32EES0_7ap_uintILi32EEE2rf_12  |  32|   0|   32|          0|
    |p_ZZ10top_module6ap_intILi32EES0_7ap_uintILi32EEE2rf_13  |  32|   0|   32|          0|
    |p_ZZ10top_module6ap_intILi32EES0_7ap_uintILi32EEE2rf_14  |  32|   0|   32|          0|
    |p_ZZ10top_module6ap_intILi32EES0_7ap_uintILi32EEE2rf_15  |  32|   0|   32|          0|
    |p_ZZ10top_module6ap_intILi32EES0_7ap_uintILi32EEE2rf_16  |  32|   0|   32|          0|
    |p_ZZ10top_module6ap_intILi32EES0_7ap_uintILi32EEE2rf_17  |  32|   0|   32|          0|
    |p_ZZ10top_module6ap_intILi32EES0_7ap_uintILi32EEE2rf_18  |  32|   0|   32|          0|
    |p_ZZ10top_module6ap_intILi32EES0_7ap_uintILi32EEE2rf_19  |  32|   0|   32|          0|
    |p_ZZ10top_module6ap_intILi32EES0_7ap_uintILi32EEE2rf_20  |  32|   0|   32|          0|
    |p_ZZ10top_module6ap_intILi32EES0_7ap_uintILi32EEE2rf_21  |  32|   0|   32|          0|
    |p_ZZ10top_module6ap_intILi32EES0_7ap_uintILi32EEE2rf_22  |  32|   0|   32|          0|
    |p_ZZ10top_module6ap_intILi32EES0_7ap_uintILi32EEE2rf_23  |  32|   0|   32|          0|
    |p_ZZ10top_module6ap_intILi32EES0_7ap_uintILi32EEE2rf_24  |  32|   0|   32|          0|
    |p_ZZ10top_module6ap_intILi32EES0_7ap_uintILi32EEE2rf_25  |  32|   0|   32|          0|
    |p_ZZ10top_module6ap_intILi32EES0_7ap_uintILi32EEE2rf_26  |  32|   0|   32|          0|
    |p_ZZ10top_module6ap_intILi32EES0_7ap_uintILi32EEE2rf_27  |  32|   0|   32|          0|
    |p_ZZ10top_module6ap_intILi32EES0_7ap_uintILi32EEE2rf_28  |  32|   0|   32|          0|
    |p_ZZ10top_module6ap_intILi32EES0_7ap_uintILi32EEE2rf_29  |  32|   0|   32|          0|
    |p_ZZ10top_module6ap_intILi32EES0_7ap_uintILi32EEE2rf_30  |  32|   0|   32|          0|
    |p_ZZ10top_module6ap_intILi32EES0_7ap_uintILi32EEE2rf_31  |  32|   0|   32|          0|
    |top_module_ap_int_32_ap_int_32_ap_uint_32_rf             |  32|   0|   32|          0|
    |top_module_ap_int_32_ap_int_32_ap_uint_32_rf_1           |  32|   0|   32|          0|
    |top_module_ap_int_32_ap_int_32_ap_uint_32_rf_2           |  32|   0|   32|          0|
    |top_module_ap_int_32_ap_int_32_ap_uint_32_rf_3           |  32|   0|   32|          0|
    |top_module_ap_int_32_ap_int_32_ap_uint_32_rf_4           |  32|   0|   32|          0|
    |top_module_ap_int_32_ap_int_32_ap_uint_32_rf_5           |  32|   0|   32|          0|
    |top_module_ap_int_32_ap_int_32_ap_uint_32_rf_6           |  32|   0|   32|          0|
    |top_module_ap_int_32_ap_int_32_ap_uint_32_rf_7           |  32|   0|   32|          0|
    |top_module_ap_int_32_ap_int_32_ap_uint_32_rf_8           |  32|   0|   32|          0|
    |top_module_ap_int_32_ap_int_32_ap_uint_32_rf_9           |  32|   0|   32|          0|
    +---------------------------------------------------------+----+----+-----+-----------+
    |Total                                                    |1025|   0| 1025|          0|
    +---------------------------------------------------------+----+----+-----+-----------+



================================================================
== Interface
================================================================
* Summary: 
+------------+-----+-----+------------+--------------+--------------+
|  RTL Ports | Dir | Bits|  Protocol  | Source Object|    C Type    |
+------------+-----+-----+------------+--------------+--------------+
|ap_clk      |   in|    1|  ap_ctrl_hs|    top_module|  return value|
|ap_rst      |   in|    1|  ap_ctrl_hs|    top_module|  return value|
|ap_start    |   in|    1|  ap_ctrl_hs|    top_module|  return value|
|ap_done     |  out|    1|  ap_ctrl_hs|    top_module|  return value|
|ap_idle     |  out|    1|  ap_ctrl_hs|    top_module|  return value|
|ap_ready    |  out|    1|  ap_ctrl_hs|    top_module|  return value|
|ap_return   |  out|   32|  ap_ctrl_hs|    top_module|  return value|
|inst1       |   in|   32|     ap_none|         inst1|        scalar|
|inst2       |   in|   32|     ap_none|         inst2|        scalar|
|current_pc  |   in|   32|     ap_none|    current_pc|        scalar|
+------------+-----+-----+------------+--------------+--------------+

